<html>
<body>
<pre>
<h1>礦ision Build Log</h1>
<h2>Tool Versions:</h2>
IDE-Version: μVision V5.14.0.0
Copyright (C) 2015 ARM Ltd and ARM Germany GmbH. All rights reserved.
License Information: Mother Administrator, Daddy, LIC=9WSKC-70DWF-01YP1-CC31M-T95MV-4TG1S
 
Tool Versions:
Toolchain:       MDK-ARM Standard  Version: 5.14.0.0
Toolchain Path:  D:\User_WCP\Program_Files\MDK\ARM\ARMCC\Bin
C Compiler:      Armcc.exe V5.05 update 1 (build 106)
Assembler:       Armasm.exe V5.05 update 1 (build 106)
Linker/Locator:  ArmLink.exe V5.05 update 1 (build 106)
Library Manager: ArmAr.exe V5.05 update 1 (build 106)
Hex Converter:   FromElf.exe V5.05 update 1 (build 106)
CPU DLL:         SARMCM3.DLL V5.14.0.0
Dialog DLL:      DCM.DLL V1.13.1.0
Target DLL:      Segger\JL2CM3.dll V2.99.13.0
Dialog DLL:      TCM.DLL V1.14.4.0
 
<h2>Project:</h2>
D:\STM32CubeMX\Project06_PWM\MDK-ARM\Project06_PWM.uvprojx
Project File Date:  05/12/2021

<h2>Output:</h2>
Build target 'Project06_PWM'
compiling usart.c...
../Src/usart.c(162): warning:  #167-D: argument of type "uint8_t *" is incompatible with parameter of type "char *restrict"
              sprintf(huart2_sendbuf, (uint8_t *)"[Message] USART2 recieve message: %s.\r\n", huart2_buf); // 提示：你输入的是
../Src/usart.c(162): warning:  #167-D: argument of type "uint8_t *" is incompatible with parameter of type "const char *restrict"
              sprintf(huart2_sendbuf, (uint8_t *)"[Message] USART2 recieve message: %s.\r\n", huart2_buf); // 提示：你输入的是
../Src/usart.c(165): warning:  #167-D: argument of type "uint8_t *" is incompatible with parameter of type "const char *"
              if (rec = strstr(huart2_buf, "T1C1PWM_")) {
../Src/usart.c(165): warning:  #1293-D: assignment in condition
              if (rec = strstr(huart2_buf, "T1C1PWM_")) {
../Src/usart.c(170): warning:  #167-D: argument of type "uint8_t *" is incompatible with parameter of type "char *restrict"
                      sprintf(huart2_sendbuf, (uint8_t *)"[Command] Change TIM1 Channel1 PWM: %d.\r\n", pwm_duty); // 命令：改变TIM1通道1PWM
../Src/usart.c(170): warning:  #167-D: argument of type "uint8_t *" is incompatible with parameter of type "const char *restrict"
                      sprintf(huart2_sendbuf, (uint8_t *)"[Command] Change TIM1 Channel1 PWM: %d.\r\n", pwm_duty); // 命令：改变TIM1通道1PWM
../Src/usart.c(173): warning:  #167-D: argument of type "uint8_t *" is incompatible with parameter of type "char *restrict"
                      sprintf(huart2_sendbuf, (uint8_t *)"[Error] Incorrect PWM value.\r\n"); // 报错：不正确的PWM范围
../Src/usart.c(173): warning:  #167-D: argument of type "uint8_t *" is incompatible with parameter of type "const char *restrict"
                      sprintf(huart2_sendbuf, (uint8_t *)"[Error] Incorrect PWM value.\r\n"); // 报错：不正确的PWM范围
../Src/usart.c: 8 warnings, 0 errors
linking...
Program Size: Code=7632 RO-data=292 RW-data=20 ZI-data=1436  
FromELF: creating hex file...
"Project06_PWM\Project06_PWM.axf" - 0 Error(s), 8 Warning(s).

<h2>Software Packages used:</h2>

Package Vendor: ARM
                http://www.keil.com/pack/ARM.CMSIS.4.2.0.pack
                ARM::CMSIS:CORE:3.40.0
                CMSIS (Cortex Microcontroller Software Interface Standard)
   * Component: CORE Version: 3.40.0

<h2>Collection of Component include folders:</h2>
  D:\STM32CubeMX\Project06_PWM\MDK-ARM\RTE
  D:\User_WCP\Program_Files\MDK\ARM\PACK\ARM\CMSIS\4.2.0\CMSIS\Include
  D:\User_WCP\Program_Files\MDK\ARM\PACK\Keil\STM32F1xx_DFP\2.3.0

<h2>Collection of Component Files used:</h2>

   * Component: ARM::CMSIS:CORE:3.40.0
      Source file:   CMSIS\UserCodeTemplates\ARM\ITM_Retarget.c
</pre>
</body>
</html>
