<html>
<body>
<pre>
<h1>礦ision Build Log</h1>
<h2>Tool Versions:</h2>
IDE-Version: μVision V5.14.0.0
Copyright (C) 2015 ARM Ltd and ARM Germany GmbH. All rights reserved.
License Information: Mother Administrator, Daddy, LIC=9WSKC-70DWF-01YP1-CC31M-T95MV-4TG1S
 
Tool Versions:
Toolchain:       MDK-ARM Standard  Version: 5.14.0.0
Toolchain Path:  D:\User_WCP\Program_Files\MDK\ARM\ARMCC\Bin
C Compiler:      Armcc.exe V5.05 update 1 (build 106)
Assembler:       Armasm.exe V5.05 update 1 (build 106)
Linker/Locator:  ArmLink.exe V5.05 update 1 (build 106)
Library Manager: ArmAr.exe V5.05 update 1 (build 106)
Hex Converter:   FromElf.exe V5.05 update 1 (build 106)
CPU DLL:         SARMCM3.DLL V5.14.0.0
Dialog DLL:      DCM.DLL V1.13.1.0
Target DLL:      Segger\JL2CM3.dll V2.99.13.0
Dialog DLL:      TCM.DLL V1.14.4.0
 
<h2>Project:</h2>
D:\STM32CubeMX\Project04_USART\MDK-ARM\Project04_USART.uvprojx
Project File Date:  05/11/2021

<h2>Output:</h2>
Build target 'Project04_USART'
compiling usart.c...
../Src/usart.c(159): warning:  #167-D: argument of type "uint8_t *" is incompatible with parameter of type "char *restrict"
              sprintf(huart2_sendbuf, "[Message] You had entered: %s\r\n", huart2_buf); // 把接收缓冲区的数据存到发送缓冲区
../Src/usart.c: 1 warning, 0 errors
linking...
Program Size: Code=4656 RO-data=292 RW-data=20 ZI-data=1292  
FromELF: creating hex file...
"Project04_USART\Project04_USART.axf" - 0 Error(s), 1 Warning(s).

<h2>Software Packages used:</h2>

Package Vendor: ARM
                http://www.keil.com/pack/ARM.CMSIS.4.2.0.pack
                ARM::CMSIS:CORE:3.40.0
                CMSIS (Cortex Microcontroller Software Interface Standard)
   * Component: CORE Version: 3.40.0

<h2>Collection of Component include folders:</h2>
  D:\STM32CubeMX\Project04_USART\MDK-ARM\RTE
  D:\User_WCP\Program_Files\MDK\ARM\PACK\ARM\CMSIS\4.2.0\CMSIS\Include
  D:\User_WCP\Program_Files\MDK\ARM\PACK\Keil\STM32F1xx_DFP\2.3.0

<h2>Collection of Component Files used:</h2>

   * Component: ARM::CMSIS:CORE:3.40.0
      Source file:   CMSIS\UserCodeTemplates\ARM\ITM_Retarget.c
</pre>
</body>
</html>
